# debian
# pinned public.ecr.aws/debian/debian@sha256:833d7afe7d42e2fc552740ebdb947218770eb6f0a533927ed2a04b4d453e4f0a
# podbox run exit 0
--- the pull
sha256:833d7afe7d42e2fc552740ebdb947218770eb6f0a533927ed2a04b4d453e4f0a: Pulling from debian/debian
a8ac7f6c67ab: Pull complete
Digest: sha256:833d7afe7d42e2fc552740ebdb947218770eb6f0a533927ed2a04b4d453e4f0a
Status: Downloaded newer image for public.ecr.aws/debian/debian@sha256:833d7afe7d42e2fc552740ebdb947218770eb6f0a533927ed2a04b4d453e4f0a
--- stdout
ID=0:0
DEVNULL=usable
DEVNULL_WRITE=ok
RESOLVER=8.8.8.8
NSSWITCH=files
GETENT_ROOT=root
PM=apt-get
INSTALL_RC=0
INSTALL_TAIL=Setting up libnsl-dev:amd64 (1.3.0-2) ... Setting up libc6-dev:amd64 (2.36-9+deb12u14) ... Processing triggers for libc-bin (2.36-9+deb12u14) ... 
CC=/usr/bin/cc
CC_VERSION=cc (Debian 12.2.0-14+deb12u1) 12.2.0
BUILD_RC=0
BUILD_TAIL=
BUILT_AND_RAN=42
--- the completion layer said
podbox: complete: created dev/null (dev-node, T-0401): a real character device 1:3. This machine permits mknod(2), so podbox made the node rather than a shim
podbox: complete: created dev/zero (dev-node, T-0401): a real character device 1:5. This machine permits mknod(2), so podbox made the node rather than a shim
podbox: complete: created dev/random (dev-node, T-0401): a real character device 1:8. This machine permits mknod(2), so podbox made the node rather than a shim
podbox: complete: created dev/urandom (dev-node, T-0401): a real character device 1:9. This machine permits mknod(2), so podbox made the node rather than a shim
podbox: complete: rewrote etc/resolv.conf (resolv.conf, T-0402): this machine's /etc/resolv.conf, 67 bytes
podbox: complete: created etc/hosts (hosts, T-0403): localhost
podbox: complete: created etc/mtab (mtab, T-0405): it was absent. One line, generated from this machine's own mount table for the filesystem the rootfs is on
podbox: complete: created etc/apt/apt.conf.d/99podbox (apt-sandbox, T-0407): APT::Sandbox::User root. The _apt user is not mapped on this runtime
podbox: complete: created etc/ssl/certs/ca-certificates.crt (ca-bundle, T-0407): this image carries no TLS directory at all; installed this machine's bundle at the conventional path, from /root/.ccr/c
podbox: complete: rewrote etc/apt/sources.list.d/debian.sources (source-scheme, T-0411): http:// -> https:// for snapshot.debian.org, deb.debian.org. ⛔ The scheme only: the mirror this image chose i
podbox: complete: 10 fixup(s) applied to this image's rootfs, 1 degraded, 0 failed, 0 step(s) to run inside it; libc=glibc. ⛔ These are edits podbox made inside somebody else's image and the payload
--- the last of stderr
ownership: real; network: host-shared; pids: host-shared)
probes: clone(NEWNS)=ok mount=ok fsmount=ok move_mount=ok
        clone(NEWUTS)=ok sethostname=ok chroot=ok ptrace=ok
this mode does NOT provide: process, network, IPC or mount isolation
⚠ this machine would permit `namespace`; podbox's entry sequence is `chroot` and creates no namespace and mounts nothing
