# fedora
# pinned quay.io/fedora/fedora@sha256:e78cd1a688cd079c23864f289a89a49a3f4ad66d817864e325e1d058310ee95c
# podbox run exit 0
--- stdout
ID=0:0
DEVNULL=usable
DEVNULL_WRITE=ok
RESOLVER=8.8.8.8
NSSWITCH=files
GETENT_ROOT=root
PM=dnf
INSTALL_RC=0
INSTALL_TAIL=[15/16] Installing make-1:4.4.1-10.fc42 100% | 69.2 MiB/s | 1.8 MiB | 00m00s [16/16] Installing gcc-0:15.2.1-7.fc42. 100% | 79.4 MiB/s | 111.4 MiB | 00m01s Complete! 
CC=/usr/bin/cc
CC_VERSION=cc (GCC) 15.2.1 20260123 (Red Hat 15.2.1-7)
BUILD_RC=0
BUILD_TAIL=
BUILT_AND_RAN=42
--- the completion layer said
podbox: complete: created dev/null (dev-node, T-0401): a real character device 1:3. This machine permits mknod(2), so podbox made the node rather than a shim
podbox: complete: created dev/zero (dev-node, T-0401): a real character device 1:5. This machine permits mknod(2), so podbox made the node rather than a shim
podbox: complete: created dev/random (dev-node, T-0401): a real character device 1:8. This machine permits mknod(2), so podbox made the node rather than a shim
podbox: complete: created dev/urandom (dev-node, T-0401): a real character device 1:9. This machine permits mknod(2), so podbox made the node rather than a shim
podbox: complete: created etc/resolv.conf (resolv.conf, T-0402): this machine's /etc/resolv.conf, 67 bytes
podbox: complete: rewrote etc/hosts (hosts, T-0403): localhost
podbox: complete: rewrote etc/nsswitch.conf (nsswitch, T-0410): this rootfs carries glibc and shipped no nsswitch.conf, so nothing would have read the /etc/passwd T-0404 supplies. podbox wrote a minim
podbox: complete: rewrote etc/mtab (mtab, T-0405): it was a symlink to ../proc/self/mounts, and /proc is not mounted inside a chroot, so the link does not resolve. ⛔ podbox REPLACED the link rather 
podbox: complete: rewrote etc/ssl/certs/ca-certificates.crt (ca-bundle, T-0407): APPENDED this machine's CA bundle (228527 bytes, announced in $SSL_CERT_FILE as /root/.ccr/ca-bundle.crt). The image's 
podbox: complete: created etc/ssl/ca-bundle.pem (ca-bundle, T-0407): APPENDED this machine's CA bundle (228527 bytes, announced in $SSL_CERT_FILE as /root/.ccr/ca-bundle.crt). The image's own roots ar
podbox: complete: 10 fixup(s) applied to this image's rootfs, 3 degraded, 0 failed; libc=glibc. ⛔ These are edits podbox made inside somebody else's image and the payload can see them
--- the last of stderr
ownership: real; network: host-shared; pids: host-shared)
probes: clone(NEWNS)=ok mount=ok fsmount=ok move_mount=ok
        clone(NEWUTS)=ok sethostname=ok chroot=ok ptrace=ok
this mode does NOT provide: process, network, IPC or mount isolation
⚠ this machine would permit `namespace`; podbox's entry sequence is `chroot` and creates no namespace and mounts nothing
