# rocky-minimal
# pinned quay.io/rockylinux/rockylinux@sha256:e1d0a9f5ed99d52e7faf03afe7ee32e48b231c4dd9586808b3d1aedf894dff04
# podbox run exit 0
--- stdout
ID=0:0
DEVNULL=usable
DEVNULL_WRITE=ok
RESOLVER=8.8.8.8
NSSWITCH=files sss systemd
GETENT_ROOT=root
PM=microdnf
INSTALL_RC=0
INSTALL_TAIL=Cleanup: glibc-minimal-langpack;2.34-266.el9_8;x86_64;installed Cleanup: glibc-common;2.34-266.el9_8;x86_64;installed Complete. 
CC=/usr/bin/cc
CC_VERSION=cc (GCC) 11.5.0 20240719 (Red Hat 11.5.0-14)
BUILD_RC=0
BUILD_TAIL=
BUILT_AND_RAN=42
--- the completion layer said
podbox: complete: created dev/null (dev-node, T-0401): a real character device 1:3. This machine permits mknod(2), so podbox made the node rather than a shim
podbox: complete: created dev/zero (dev-node, T-0401): a real character device 1:5. This machine permits mknod(2), so podbox made the node rather than a shim
podbox: complete: created dev/random (dev-node, T-0401): a real character device 1:8. This machine permits mknod(2), so podbox made the node rather than a shim
podbox: complete: created dev/urandom (dev-node, T-0401): a real character device 1:9. This machine permits mknod(2), so podbox made the node rather than a shim
podbox: complete: created etc/resolv.conf (resolv.conf, T-0402): this machine's /etc/resolv.conf, 67 bytes
podbox: complete: rewrote etc/hosts (hosts, T-0403): localhost
podbox: complete: rewrote etc/nsswitch.conf (nsswitch, T-0410): passwd or group did not name files FIRST, so the /etc/passwd T-0404 supplies would have been ignored. podbox prepended files and kept ev
podbox: complete: rewrote etc/mtab (mtab, T-0405): it was a symlink to ../proc/self/mounts, and /proc is not mounted inside a chroot, so the link does not resolve. ⛔ podbox REPLACED the link rather 
podbox: complete: rewrote etc/pki/tls/certs/ca-bundle.crt (ca-bundle, T-0407): APPENDED this machine's CA bundle (228527 bytes, announced in $SSL_CERT_FILE as /root/.ccr/ca-bundle.crt). The image's ow
podbox: complete: created etc/ssl/ca-bundle.pem (ca-bundle, T-0407): APPENDED this machine's CA bundle (228527 bytes, announced in $SSL_CERT_FILE as /root/.ccr/ca-bundle.crt). The image's own roots ar
podbox: complete: rewrote etc/yum.repos.d/rocky-addons.repo (source-scheme, T-0411): http:// -> https:// for dl.rockylinux.org. ⛔ The scheme only: the mirror this image chose is the mirror podbox us
podbox: complete: rewrote etc/yum.repos.d/rocky-devel.repo (source-scheme, T-0411): http:// -> https:// for dl.rockylinux.org. ⛔ The scheme only: the mirror this image chose is the mirror podbox use
podbox: complete: rewrote etc/yum.repos.d/rocky-extras.repo (source-scheme, T-0411): http:// -> https:// for dl.rockylinux.org. ⛔ The scheme only: the mirror this image chose is the mirror podbox us
podbox: complete: rewrote etc/yum.repos.d/rocky-security.repo (source-scheme, T-0411): http:// -> https:// for dl.rockylinux.org. ⛔ The scheme only: the mirror this image chose is the mirror podbox 
podbox: complete: rewrote etc/yum.repos.d/rocky.repo (source-scheme, T-0411): http:// -> https:// for dl.rockylinux.org. ⛔ The scheme only: the mirror this image chose is the mirror podbox uses
podbox: complete: 15 fixup(s) applied to this image's rootfs, 3 degraded, 0 failed; libc=glibc. ⛔ These are edits podbox made inside somebody else's image and the payload can see them
--- the last of stderr
ownership: real; network: host-shared; pids: host-shared)
probes: clone(NEWNS)=ok mount=ok fsmount=ok move_mount=ok
        clone(NEWUTS)=ok sethostname=ok chroot=ok ptrace=ok
this mode does NOT provide: process, network, IPC or mount isolation
⚠ this machine would permit `namespace`; podbox's entry sequence is `chroot` and creates no namespace and mounts nothing
