# voidlinux-musl
# pinned ghcr.io/void-linux/void-musl@sha256:af9308c79fd14ddc7b53e181caee312d182c89186792dc1ef5b8215865b444ac
# podbox run exit 0
--- stdout
ID=0:0
DEVNULL=usable
DEVNULL_WRITE=ok
RESOLVER=8.8.8.8
NSSWITCH=files
GETENT_ROOT=root
PM=xbps-install
INSTALL_RC=2
INSTALL_TAIL=SSL_connect returned 1 ERROR: [reposync] failed to fetch file `https://repo-default.voidlinux.org/current/musl/x86_64-musl-repodata': Operation not permitted ERROR: Package 'gcc' not found in repository pool. 
CC=none
CC_VERSION=absent
BUILD_RC=127
BUILT_AND_RAN=no-compiler
--- the completion layer said
podbox: complete: created dev/null (dev-node, T-0401): a real character device 1:3. This machine permits mknod(2), so podbox made the node rather than a shim
podbox: complete: created dev/zero (dev-node, T-0401): a real character device 1:5. This machine permits mknod(2), so podbox made the node rather than a shim
podbox: complete: created dev/random (dev-node, T-0401): a real character device 1:8. This machine permits mknod(2), so podbox made the node rather than a shim
podbox: complete: created dev/urandom (dev-node, T-0401): a real character device 1:9. This machine permits mknod(2), so podbox made the node rather than a shim
podbox: complete: created etc/resolv.conf (resolv.conf, T-0402): this machine's /etc/resolv.conf, 67 bytes
podbox: complete: created etc/hosts (hosts, T-0403): localhost
podbox: complete: created etc/mtab (mtab, T-0405): it was absent. One line, generated from this machine's own mount table for the filesystem the rootfs is on
podbox: complete: rewrote etc/ssl/certs/ca-certificates.crt (ca-bundle, T-0407): APPENDED this machine's CA bundle (228527 bytes, announced in $SSL_CERT_FILE as /root/.ccr/ca-bundle.crt). The image's 
podbox: complete: created etc/ssl/ca-bundle.pem (ca-bundle, T-0407): APPENDED this machine's CA bundle (228527 bytes, announced in $SSL_CERT_FILE as /root/.ccr/ca-bundle.crt). The image's own roots ar
podbox: complete: created etc/ssl/cert.pem (ca-bundle, T-0407): APPENDED this machine's CA bundle (228527 bytes, announced in $SSL_CERT_FILE as /root/.ccr/ca-bundle.crt). The image's own roots are kep
podbox: complete: 10 fixup(s) applied to this image's rootfs, 4 degraded, 0 failed; libc=musl. ⛔ These are edits podbox made inside somebody else's image and the payload can see them
--- the last of stderr
ownership: real; network: host-shared; pids: host-shared)
probes: clone(NEWNS)=ok mount=ok fsmount=ok move_mount=ok
        clone(NEWUTS)=ok sethostname=ok chroot=ok ptrace=ok
this mode does NOT provide: process, network, IPC or mount isolation
⚠ this machine would permit `namespace`; podbox's entry sequence is `chroot` and creates no namespace and mounts nothing
--- the control: the same subject under docker, no help
ID=0:0
DEVNULL=usable
DEVNULL_WRITE=ok
RESOLVER=8.8.8.8
NSSWITCH=files
GETENT_ROOT=root
PM=xbps-install
INSTALL_RC=2
INSTALL_TAIL=SSL_connect returned 1 ERROR: [reposync] failed to fetch file `https://repo-default.voidlinux.org/current/musl/x86_64-musl-repodata': Operation not permitted ERROR: Package 'gcc' not found in repository pool. 
CC=none
CC_VERSION=absent
BUILD_RC=127
BUILT_AND_RAN=no-compiler
